// Jest Snapshot v1, https://goo.gl/fbAQLP

exports[`Pruebas en GifItem Debe hacer match con el snapshot 1`] = `
<div>
  <div
    class="card"
  >
    <img
      alt="Hola soy Alex"
      src="http://soy_la_url/"
    />
    <p>
      Hola soy Alex
    </p>
  </div>
</div>
`;
