// Jest Snapshot v1, https://goo.gl/fbAQLP

exports[`Pruebas en App Debe hacer match con el snapshot 1`] = `
<div>
  <h1>
    Counter App
  </h1>
  <h2>
    100
  </h2>
  <button
    aria-label="button-increment"
  >
     + 
  </button>
  <button
    aria-label="button-decrement"
  >
     - 
  </button>
  <button
    aria-label="button-reset"
  >
     Reset 
  </button>
</div>
`;
